../Core/Src/main.c:97:6:HAL_GPIO_EXTI_Callback	16	static
../Core/Src/main.c:103:6:HAL_CAN_RxFifo0MsgPendingCallback	16	static
../Core/Src/main.c:115:5:main	8	static
../Core/Src/main.c:208:6:SystemClock_Config	96	static
../Core/Src/main.c:258:13:MX_CAN1_Init	48	static
../Core/Src/main.c:307:13:MX_GPIO_Init	48	static
../Core/Src/main.c:360:6:StartDefaultTask	16	static
../Core/Src/main.c:377:6:StartLed	24	static
../Core/Src/main.c:408:6:StartCAN	24	static
../Core/Src/main.c:439:6:Error_Handler	4	static,ignoring_inline_asm
